


qquick.nl: 2015-02-01 01:49:35 [initialization] application restarted
qquick.nl: 2015-02-01 01:49:35 [initialization] table users already exists



qquick.nl: 2015-02-01 05:29:36 [initialization] application restarted
qquick.nl: 2015-02-01 05:29:36 [initialization] table users already exists
qquick.nl: 2015-02-01 05:30:51 [access] ip: 180.76.6.60, browser --> www.qquick.org/introduction.html



qquick.nl: 2015-02-01 07:42:51 [initialization] application restarted
qquick.nl: 2015-02-01 07:42:51 [initialization] table users already exists
qquick.nl: 2015-02-01 07:42:51 [access] ip: 66.249.67.48, browser --> www.qquick.org/



qquick.nl: 2015-02-01 08:52:19 [initialization] application restarted
qquick.nl: 2015-02-01 08:52:19 [initialization] table users already exists



qquick.nl: 2015-02-01 09:55:40 [initialization] application restarted
qquick.nl: 2015-02-01 09:55:40 [initialization] table users already exists
qquick.nl: 2015-02-01 09:55:40 [access] ip: 66.249.78.80, browser --> www.qquick.org/support.html



qquick.nl: 2015-02-01 11:06:04 [initialization] application restarted
qquick.nl: 2015-02-01 11:06:04 [initialization] table users already exists
qquick.nl: 2015-02-01 12:09:55 [access] ip: 180.76.5.147, browser --> www.qquick.org/
qquick.nl: 2015-02-01 12:09:56 [access] ip: 180.76.5.65, browser --> www.qquick.org/introduction.html
qquick.nl: 2015-02-01 12:11:27 [access] ip: 66.249.78.94, browser --> www.qquick.org/educational.html



qquick.nl: 2015-02-01 12:52:50 [initialization] application restarted
qquick.nl: 2015-02-01 12:52:50 [initialization] table users already exists
qquick.nl: 2015-02-01 12:52:50 [access] ip: 192.99.107.136, browser --> www.qquick.org/
qquick.nl: 2015-02-01 13:23:31 [access] ip: 66.249.67.64, browser --> www.qquick.org/eden.html
qquick.nl: 2015-02-01 14:38:12 [access] ip: 195.154.226.90, browser --> www.qquick.org/



qquick.nl: 2015-02-01 19:04:24 [initialization] application restarted
qquick.nl: 2015-02-01 19:04:24 [initialization] table users already exists
qquick.nl: 2015-02-01 19:04:24 [access] ip: 180.76.5.175, browser --> www.qquick.org/introduction.html



qquick.nl: 2015-02-02 01:45:13 [initialization] application restarted
qquick.nl: 2015-02-02 01:45:13 [initialization] table users already exists
qquick.nl: 2015-02-02 01:45:13 [access] ip: 31.3.233.120, browser --> www.qquick.org/



qquick.nl: 2015-02-02 03:37:33 [initialization] application restarted
qquick.nl: 2015-02-02 03:37:33 [initialization] table users already exists
qquick.nl: 2015-02-02 03:37:34 [access] ip: 64.246.161.30, http://whois.domaintools.com/qquick.org --> www.qquick.org/



qquick.nl: 2015-02-02 04:20:37 [initialization] application restarted
qquick.nl: 2015-02-02 04:20:37 [initialization] table users already exists
qquick.nl: 2015-02-02 04:20:37 [access] ip: 180.76.4.224, browser --> www.qquick.org/



qquick.nl: 2015-02-02 06:27:40 [initialization] application restarted
qquick.nl: 2015-02-02 06:27:40 [initialization] table users already exists
qquick.nl: 2015-02-02 06:27:40 [access] ip: 74.52.245.146, browser --> www.qquick.org/
qquick.nl: 2015-02-02 06:27:40 [access] ip: 74.52.245.146, browser --> www.qquick.org/introduction.html



qquick.nl: 2015-02-02 10:08:36 [initialization] application restarted
qquick.nl: 2015-02-02 10:08:36 [initialization] table users already exists
qquick.nl: 2015-02-02 10:08:36 [access] ip: 180.76.6.51, browser --> www.qquick.org/
qquick.nl: 2015-02-02 10:08:37 [access] ip: 180.76.5.177, browser --> www.qquick.org/introduction.html



qquick.nl: 2015-02-02 13:18:55 [initialization] application restarted
qquick.nl: 2015-02-02 13:18:55 [initialization] table users already exists



qquick.nl: 2015-02-03 04:11:04 [initialization] application restarted
qquick.nl: 2015-02-03 04:11:04 [initialization] table users already exists
qquick.nl: 2015-02-03 04:11:04 [access] ip: 66.249.67.48, browser --> www.qquick.org/



qquick.nl: 2015-02-03 07:56:46 [initialization] application restarted
qquick.nl: 2015-02-03 07:56:46 [initialization] table users already exists



qquick.nl: 2015-02-03 16:04:31 [initialization] application restarted
qquick.nl: 2015-02-03 16:04:31 [initialization] table users already exists



qquick.nl: 2015-02-03 17:36:20 [initialization] application restarted
qquick.nl: 2015-02-03 17:36:20 [initialization] table users already exists
qquick.nl: 2015-02-03 17:36:22 [access] ip: 198.143.158.34, browser --> www.qquick.org/



qquick.nl: 2015-02-03 19:01:18 [initialization] application restarted
qquick.nl: 2015-02-03 19:01:18 [initialization] table users already exists
qquick.nl: 2015-02-03 19:01:18 [access] ip: 31.3.233.120, browser --> www.qquick.org/



qquick.nl: 2015-02-03 20:21:54 [initialization] application restarted
qquick.nl: 2015-02-03 20:21:54 [initialization] table users already exists
qquick.nl: 2015-02-03 20:21:54 [access] ip: 24.132.47.6, browser --> www.qquick.org/
qquick.nl: 2015-02-03 20:21:54 [access] ip: 24.132.47.6, http://www.qquick.org/ --> www.qquick.org/introduction.html
qquick.nl: 2015-02-03 20:21:54 [error] Traceback (most recent call last):
  File "/home/sterlicht/josmith/josmithModules/basePages.py", line 171, in get
    self.content = [self.content.encode ('utf-8-sig')]
AttributeError: 'list' object has no attribute 'encode'

During handling of the above exception, another exception occurred:

Traceback (most recent call last):
  File "/home/sterlicht/josmith/josmithModules/urlMatcher.py", line 74, in callMatching
    return bestUrlPattern [1] (environ, tuple (bestMatch), *(fixedArgs + args), **kwargs)	# May raise exception
  File "/home/sterlicht/josmith/josmithModules/basePages.py", line 41, in __init__
    self.check ()
  File "/home/sterlicht/josmith/josmithModules/basePages.py", line 76, in check
    self.get () if ok else self.getRedirectToLogin ()
  File "/home/sterlicht/josmith/josmithModules/basePages.py", line 177, in get
    raise notFoundException
Exception: Static file or dir not found: /home/sterlicht/qquick.org/static/structure.pyhtml

qquick.nl: 2015-02-03 20:21:56 [access] ip: 24.132.47.6, browser --> www.qquick.org/
qquick.nl: 2015-02-03 20:21:57 [error] Traceback (most recent call last):
  File "/home/sterlicht/josmith/josmithModules/basePages.py", line 171, in get
    self.content = [self.content.encode ('utf-8-sig')]
AttributeError: 'list' object has no attribute 'encode'

During handling of the above exception, another exception occurred:

Traceback (most recent call last):
  File "/home/sterlicht/josmith/josmithModules/urlMatcher.py", line 74, in callMatching
    return bestUrlPattern [1] (environ, tuple (bestMatch), *(fixedArgs + args), **kwargs)	# May raise exception
  File "/home/sterlicht/josmith/josmithModules/basePages.py", line 41, in __init__
    self.check ()
  File "/home/sterlicht/josmith/josmithModules/basePages.py", line 76, in check
    self.get () if ok else self.getRedirectToLogin ()
  File "/home/sterlicht/josmith/josmithModules/basePages.py", line 177, in get
    raise notFoundException
Exception: Static file or dir not found: /home/sterlicht/qquick.org/static/structure.pyhtml

qquick.nl: 2015-02-03 20:21:57 [access] ip: 24.132.47.6, http://www.qquick.org/ --> www.qquick.org/introduction.html
qquick.nl: 2015-02-03 20:23:09 [access] ip: 24.132.47.6, browser --> www.qquick.org/
qquick.nl: 2015-02-03 20:23:09 [access] ip: 24.132.47.6, http://www.qquick.org/ --> www.qquick.org/introduction.html
qquick.nl: 2015-02-03 20:23:09 [error] Traceback (most recent call last):
  File "/home/sterlicht/josmith/josmithModules/basePages.py", line 171, in get
    self.content = [self.content.encode ('utf-8-sig')]
AttributeError: 'list' object has no attribute 'encode'

During handling of the above exception, another exception occurred:

Traceback (most recent call last):
  File "/home/sterlicht/josmith/josmithModules/urlMatcher.py", line 74, in callMatching
    return bestUrlPattern [1] (environ, tuple (bestMatch), *(fixedArgs + args), **kwargs)	# May raise exception
  File "/home/sterlicht/josmith/josmithModules/basePages.py", line 41, in __init__
    self.check ()
  File "/home/sterlicht/josmith/josmithModules/basePages.py", line 76, in check
    self.get () if ok else self.getRedirectToLogin ()
  File "/home/sterlicht/josmith/josmithModules/basePages.py", line 177, in get
    raise notFoundException
Exception: Static file or dir not found: /home/sterlicht/qquick.org/static/structure.pyhtml




qquick.nl: 2015-02-03 21:06:56 [initialization] application restarted
qquick.nl: 2015-02-03 21:06:56 [initialization] table users already exists
qquick.nl: 2015-02-03 21:07:00 [access] ip: 107.170.29.76, browser --> www.qquick.org/



qquick.nl: 2015-02-04 00:45:40 [initialization] application restarted
qquick.nl: 2015-02-04 00:45:40 [initialization] table users already exists
qquick.nl: 2015-02-04 00:45:40 [access] ip: 195.154.226.90, browser --> www.qquick.org/
qquick.nl: 2015-02-04 00:58:24 [access] ip: 66.249.67.64, browser --> www.qquick.org/



qquick.nl: 2015-02-04 03:18:18 [initialization] application restarted
qquick.nl: 2015-02-04 03:18:18 [initialization] table users already exists
qquick.nl: 2015-02-04 03:20:29 [access] ip: 157.55.39.136, browser --> www.qquick.org/eden.html



qquick.nl: 2015-02-04 04:11:21 [initialization] application restarted
qquick.nl: 2015-02-04 04:11:21 [initialization] table users already exists
qquick.nl: 2015-02-04 04:11:21 [error] Traceback (most recent call last):
  File "/home/sterlicht/josmith/josmithModules/basePages.py", line 171, in get
    self.content = [self.content.encode ('utf-8-sig')]
AttributeError: 'list' object has no attribute 'encode'

During handling of the above exception, another exception occurred:

Traceback (most recent call last):
  File "/home/sterlicht/josmith/josmithModules/urlMatcher.py", line 74, in callMatching
    return bestUrlPattern [1] (environ, tuple (bestMatch), *(fixedArgs + args), **kwargs)	# May raise exception
  File "/home/sterlicht/josmith/josmithModules/basePages.py", line 41, in __init__
    self.check ()
  File "/home/sterlicht/josmith/josmithModules/basePages.py", line 76, in check
    self.get () if ok else self.getRedirectToLogin ()
  File "/home/sterlicht/josmith/josmithModules/basePages.py", line 177, in get
    raise notFoundException
Exception: Static file or dir not found: /home/sterlicht/qquick.org/static/structure.pyhtml




qquick.nl: 2015-02-04 09:14:58 [initialization] application restarted
qquick.nl: 2015-02-04 09:14:58 [initialization] table users already exists
qquick.nl: 2015-02-04 09:14:59 [access] ip: 66.249.67.134, browser --> ww.qquick.org/



qquick.nl: 2015-02-04 13:33:04 [initialization] application restarted
qquick.nl: 2015-02-04 13:33:04 [initialization] table users already exists



qquick.nl: 2015-02-04 14:37:36 [initialization] application restarted
qquick.nl: 2015-02-04 14:37:36 [initialization] table users already exists
qquick.nl: 2015-02-04 14:37:36 [access] ip: 66.249.67.56, browser --> www.qquick.org/



qquick.nl: 2015-02-04 15:19:56 [initialization] application restarted
qquick.nl: 2015-02-04 15:19:56 [initialization] table users already exists
qquick.nl: 2015-02-04 15:19:56 [access] ip: 157.55.39.64, browser --> www.qquick.org/support.html



qquick.nl: 2015-02-04 15:34:44 [initialization] application restarted
qquick.nl: 2015-02-04 15:34:44 [initialization] table users already exists
qquick.nl: 2015-02-04 15:34:44 [access] ip: 24.132.47.6, browser --> www.qquick.org/
qquick.nl: 2015-02-04 15:34:44 [access] ip: 24.132.47.6, http://www.qquick.org/ --> www.qquick.org/introduction.html
qquick.nl: 2015-02-04 15:34:44 [error] Traceback (most recent call last):
  File "/home/sterlicht/josmith/josmithModules/basePages.py", line 171, in get
    self.content = [self.content.encode ('utf-8-sig')]
AttributeError: 'list' object has no attribute 'encode'

During handling of the above exception, another exception occurred:

Traceback (most recent call last):
  File "/home/sterlicht/josmith/josmithModules/urlMatcher.py", line 74, in callMatching
    return bestUrlPattern [1] (environ, tuple (bestMatch), *(fixedArgs + args), **kwargs)	# May raise exception
  File "/home/sterlicht/josmith/josmithModules/basePages.py", line 41, in __init__
    self.check ()
  File "/home/sterlicht/josmith/josmithModules/basePages.py", line 76, in check
    self.get () if ok else self.getRedirectToLogin ()
  File "/home/sterlicht/josmith/josmithModules/basePages.py", line 177, in get
    raise notFoundException
Exception: Static file or dir not found: /home/sterlicht/qquick.org/static/structure.pyhtml

qquick.nl: 2015-02-04 15:34:45 [access] ip: 24.132.47.6, browser --> www.qquick.org/
qquick.nl: 2015-02-04 15:34:45 [error] Traceback (most recent call last):
  File "/home/sterlicht/josmith/josmithModules/basePages.py", line 171, in get
    self.content = [self.content.encode ('utf-8-sig')]
AttributeError: 'list' object has no attribute 'encode'

During handling of the above exception, another exception occurred:

Traceback (most recent call last):
  File "/home/sterlicht/josmith/josmithModules/urlMatcher.py", line 74, in callMatching
    return bestUrlPattern [1] (environ, tuple (bestMatch), *(fixedArgs + args), **kwargs)	# May raise exception
  File "/home/sterlicht/josmith/josmithModules/basePages.py", line 41, in __init__
    self.check ()
  File "/home/sterlicht/josmith/josmithModules/basePages.py", line 76, in check
    self.get () if ok else self.getRedirectToLogin ()
  File "/home/sterlicht/josmith/josmithModules/basePages.py", line 177, in get
    raise notFoundException
Exception: Static file or dir not found: /home/sterlicht/qquick.org/static/structure.pyhtml

qquick.nl: 2015-02-04 15:34:45 [access] ip: 24.132.47.6, http://www.qquick.org/ --> www.qquick.org/introduction.html
qquick.nl: 2015-02-04 15:51:39 [access] ip: 157.55.39.177, browser --> www.qquick.org/licence.html
qquick.nl: 2015-02-04 15:54:32 [access] ip: 24.132.47.6, browser --> www.qquick.org/
qquick.nl: 2015-02-04 15:54:32 [error] Traceback (most recent call last):
  File "/home/sterlicht/josmith/josmithModules/basePages.py", line 171, in get
    self.content = [self.content.encode ('utf-8-sig')]
AttributeError: 'list' object has no attribute 'encode'

During handling of the above exception, another exception occurred:

Traceback (most recent call last):
  File "/home/sterlicht/josmith/josmithModules/urlMatcher.py", line 74, in callMatching
    return bestUrlPattern [1] (environ, tuple (bestMatch), *(fixedArgs + args), **kwargs)	# May raise exception
  File "/home/sterlicht/josmith/josmithModules/basePages.py", line 41, in __init__
    self.check ()
  File "/home/sterlicht/josmith/josmithModules/basePages.py", line 76, in check
    self.get () if ok else self.getRedirectToLogin ()
  File "/home/sterlicht/josmith/josmithModules/basePages.py", line 177, in get
    raise notFoundException
Exception: Static file or dir not found: /home/sterlicht/qquick.org/static/structure.pyhtml

qquick.nl: 2015-02-04 15:54:32 [access] ip: 24.132.47.6, http://www.qquick.org/ --> www.qquick.org/introduction.html



qquick.nl: 2015-02-04 16:04:49 [initialization] application restarted
qquick.nl: 2015-02-04 16:04:49 [initialization] table users already exists
qquick.nl: 2015-02-04 16:04:49 [access] ip: 24.132.47.6, browser --> www.qquick.org/
qquick.nl: 2015-02-04 16:04:49 [error] Traceback (most recent call last):
  File "/home/sterlicht/josmith/josmithModules/basePages.py", line 171, in get
    self.content = [self.content.encode ('utf-8-sig')]
AttributeError: 'list' object has no attribute 'encode'

During handling of the above exception, another exception occurred:

Traceback (most recent call last):
  File "/home/sterlicht/josmith/josmithModules/urlMatcher.py", line 74, in callMatching
    return bestUrlPattern [1] (environ, tuple (bestMatch), *(fixedArgs + args), **kwargs)	# May raise exception
  File "/home/sterlicht/josmith/josmithModules/basePages.py", line 41, in __init__
    self.check ()
  File "/home/sterlicht/josmith/josmithModules/basePages.py", line 76, in check
    self.get () if ok else self.getRedirectToLogin ()
  File "/home/sterlicht/josmith/josmithModules/basePages.py", line 177, in get
    raise notFoundException
Exception: Static file or dir not found: /home/sterlicht/qquick.org/static/structure.pyhtml

qquick.nl: 2015-02-04 16:04:49 [access] ip: 24.132.47.6, http://www.qquick.org/ --> www.qquick.org/introduction.html
qquick.nl: 2015-02-04 16:04:51 [access] ip: 24.132.47.6, browser --> www.qquick.org/
qquick.nl: 2015-02-04 16:04:51 [error] Traceback (most recent call last):
  File "/home/sterlicht/josmith/josmithModules/basePages.py", line 171, in get
    self.content = [self.content.encode ('utf-8-sig')]
AttributeError: 'list' object has no attribute 'encode'

During handling of the above exception, another exception occurred:

Traceback (most recent call last):
  File "/home/sterlicht/josmith/josmithModules/urlMatcher.py", line 74, in callMatching
    return bestUrlPattern [1] (environ, tuple (bestMatch), *(fixedArgs + args), **kwargs)	# May raise exception
  File "/home/sterlicht/josmith/josmithModules/basePages.py", line 41, in __init__
    self.check ()
  File "/home/sterlicht/josmith/josmithModules/basePages.py", line 76, in check
    self.get () if ok else self.getRedirectToLogin ()
  File "/home/sterlicht/josmith/josmithModules/basePages.py", line 177, in get
    raise notFoundException
Exception: Static file or dir not found: /home/sterlicht/qquick.org/static/structure.pyhtml

qquick.nl: 2015-02-04 16:04:51 [access] ip: 24.132.47.6, http://www.qquick.org/ --> www.qquick.org/introduction.html
qquick.nl: 2015-02-04 16:04:52 [access] ip: 24.132.47.6, browser --> www.qquick.org/
qquick.nl: 2015-02-04 16:04:52 [access] ip: 24.132.47.6, http://www.qquick.org/ --> www.qquick.org/introduction.html
qquick.nl: 2015-02-04 16:04:52 [error] Traceback (most recent call last):
  File "/home/sterlicht/josmith/josmithModules/basePages.py", line 171, in get
    self.content = [self.content.encode ('utf-8-sig')]
AttributeError: 'list' object has no attribute 'encode'

During handling of the above exception, another exception occurred:

Traceback (most recent call last):
  File "/home/sterlicht/josmith/josmithModules/urlMatcher.py", line 74, in callMatching
    return bestUrlPattern [1] (environ, tuple (bestMatch), *(fixedArgs + args), **kwargs)	# May raise exception
  File "/home/sterlicht/josmith/josmithModules/basePages.py", line 41, in __init__
    self.check ()
  File "/home/sterlicht/josmith/josmithModules/basePages.py", line 76, in check
    self.get () if ok else self.getRedirectToLogin ()
  File "/home/sterlicht/josmith/josmithModules/basePages.py", line 177, in get
    raise notFoundException
Exception: Static file or dir not found: /home/sterlicht/qquick.org/static/structure.pyhtml

qquick.nl: 2015-02-04 16:04:54 [access] ip: 24.132.47.6, browser --> www.qquick.org/
qquick.nl: 2015-02-04 16:04:54 [error] Traceback (most recent call last):
  File "/home/sterlicht/josmith/josmithModules/basePages.py", line 171, in get
    self.content = [self.content.encode ('utf-8-sig')]
AttributeError: 'list' object has no attribute 'encode'

During handling of the above exception, another exception occurred:

Traceback (most recent call last):
  File "/home/sterlicht/josmith/josmithModules/urlMatcher.py", line 74, in callMatching
    return bestUrlPattern [1] (environ, tuple (bestMatch), *(fixedArgs + args), **kwargs)	# May raise exception
  File "/home/sterlicht/josmith/josmithModules/basePages.py", line 41, in __init__
    self.check ()
  File "/home/sterlicht/josmith/josmithModules/basePages.py", line 76, in check
    self.get () if ok else self.getRedirectToLogin ()
  File "/home/sterlicht/josmith/josmithModules/basePages.py", line 177, in get
    raise notFoundException
Exception: Static file or dir not found: /home/sterlicht/qquick.org/static/structure.pyhtml

qquick.nl: 2015-02-04 16:04:54 [access] ip: 24.132.47.6, http://www.qquick.org/ --> www.qquick.org/introduction.html



qquick.nl: 2015-02-04 16:09:30 [initialization] application restarted
qquick.nl: 2015-02-04 16:09:30 [initialization] table users already exists
qquick.nl: 2015-02-04 16:09:30 [access] ip: 24.132.47.6, browser --> www.qquick.org/
qquick.nl: 2015-02-04 16:09:31 [error] Traceback (most recent call last):
  File "/home/sterlicht/josmith/josmithModules/basePages.py", line 171, in get
    self.content = [self.content.encode ('utf-8-sig')]
AttributeError: 'list' object has no attribute 'encode'

During handling of the above exception, another exception occurred:

Traceback (most recent call last):
  File "/home/sterlicht/josmith/josmithModules/urlMatcher.py", line 74, in callMatching
    return bestUrlPattern [1] (environ, tuple (bestMatch), *(fixedArgs + args), **kwargs)	# May raise exception
  File "/home/sterlicht/josmith/josmithModules/basePages.py", line 41, in __init__
    self.check ()
  File "/home/sterlicht/josmith/josmithModules/basePages.py", line 76, in check
    self.get () if ok else self.getRedirectToLogin ()
  File "/home/sterlicht/josmith/josmithModules/basePages.py", line 177, in get
    raise notFoundException
Exception: Static file or dir not found: /home/sterlicht/qquick.org/static/structure.pyhtml

qquick.nl: 2015-02-04 16:09:31 [access] ip: 24.132.47.6, http://www.qquick.org/ --> www.qquick.org/introduction.html
qquick.nl: 2015-02-04 16:16:04 [access] ip: 24.132.47.6, browser --> www.qquick.org/
qquick.nl: 2015-02-04 16:16:04 [error] Traceback (most recent call last):
  File "/home/sterlicht/josmith/josmithModules/basePages.py", line 171, in get
    self.content = [self.content.encode ('utf-8-sig')]
AttributeError: 'list' object has no attribute 'encode'

During handling of the above exception, another exception occurred:

Traceback (most recent call last):
  File "/home/sterlicht/josmith/josmithModules/urlMatcher.py", line 74, in callMatching
    return bestUrlPattern [1] (environ, tuple (bestMatch), *(fixedArgs + args), **kwargs)	# May raise exception
  File "/home/sterlicht/josmith/josmithModules/basePages.py", line 41, in __init__
    self.check ()
  File "/home/sterlicht/josmith/josmithModules/basePages.py", line 76, in check
    self.get () if ok else self.getRedirectToLogin ()
  File "/home/sterlicht/josmith/josmithModules/basePages.py", line 177, in get
    raise notFoundException
Exception: Static file or dir not found: /home/sterlicht/qquick.org/static/structure.pyhtml

qquick.nl: 2015-02-04 16:16:04 [access] ip: 24.132.47.6, http://www.qquick.org/ --> www.qquick.org/introduction.html



qquick.nl: 2015-02-04 16:20:22 [initialization] application restarted
qquick.nl: 2015-02-04 16:20:22 [initialization] table users already exists
qquick.nl: 2015-02-04 16:20:22 [access] ip: 24.132.47.6, browser --> www.qquick.org/
qquick.nl: 2015-02-04 16:20:22 [error] Traceback (most recent call last):
  File "/home/sterlicht/josmith/josmithModules/basePages.py", line 171, in get
    self.content = [self.content.encode ('utf-8-sig')]
AttributeError: 'list' object has no attribute 'encode'

During handling of the above exception, another exception occurred:

Traceback (most recent call last):
  File "/home/sterlicht/josmith/josmithModules/urlMatcher.py", line 74, in callMatching
    return bestUrlPattern [1] (environ, tuple (bestMatch), *(fixedArgs + args), **kwargs)	# May raise exception
  File "/home/sterlicht/josmith/josmithModules/basePages.py", line 41, in __init__
    self.check ()
  File "/home/sterlicht/josmith/josmithModules/basePages.py", line 76, in check
    self.get () if ok else self.getRedirectToLogin ()
  File "/home/sterlicht/josmith/josmithModules/basePages.py", line 177, in get
    raise notFoundException
Exception: Static file or dir not found: /home/sterlicht/qquick.org/static/structure.pyhtml

qquick.nl: 2015-02-04 16:20:22 [access] ip: 24.132.47.6, http://www.qquick.org/ --> www.qquick.org/introduction.html



qquick.nl: 2015-02-04 17:28:24 [initialization] application restarted
qquick.nl: 2015-02-04 17:28:24 [initialization] table users already exists
qquick.nl: 2015-02-04 17:28:24 [access] ip: 157.55.39.176, browser --> www.qquick.org/introduction.html



qquick.nl: 2015-02-04 19:21:37 [initialization] application restarted
qquick.nl: 2015-02-04 19:21:37 [initialization] table users already exists



qquick.nl: 2015-02-05 06:16:34 [initialization] application restarted
qquick.nl: 2015-02-05 06:16:34 [initialization] table users already exists
qquick.nl: 2015-02-05 06:16:34 [access] ip: 180.76.5.193, browser --> www.qquick.org/
qquick.nl: 2015-02-05 06:16:35 [error] Traceback (most recent call last):
  File "/home/sterlicht/josmith/josmithModules/basePages.py", line 174, in get
    self.content = [self.content.encode ('utf-8-sig')]
AttributeError: 'list' object has no attribute 'encode'

During handling of the above exception, another exception occurred:

Traceback (most recent call last):
  File "/home/sterlicht/josmith/josmithModules/urlMatcher.py", line 74, in callMatching
    return bestUrlPattern [1] (environ, tuple (bestMatch), *(fixedArgs + args), **kwargs)	# May raise exception
  File "/home/sterlicht/josmith/josmithModules/basePages.py", line 41, in __init__
    self.check ()
  File "/home/sterlicht/josmith/josmithModules/basePages.py", line 79, in check
    self.get () if ok else self.getRedirectToLogin ()
  File "/home/sterlicht/josmith/josmithModules/basePages.py", line 180, in get
    raise notFoundException
Exception: Static file or dir not found: /home/sterlicht/qquick.org/static/structure.pyhtml

qquick.nl: 2015-02-05 06:16:37 [access] ip: 180.76.5.194, browser --> www.qquick.org/introduction.html
qquick.nl: 2015-02-05 06:25:24 [access] ip: 66.249.67.48, browser --> www.qquick.org/femtools.html



qquick.nl: 2015-02-05 08:27:47 [initialization] application restarted
qquick.nl: 2015-02-05 08:27:47 [initialization] table users already exists
qquick.nl: 2015-02-05 08:27:47 [error] Traceback (most recent call last):
  File "/home/sterlicht/josmith/josmithModules/basePages.py", line 174, in get
    self.content = [self.content.encode ('utf-8-sig')]
AttributeError: 'list' object has no attribute 'encode'

During handling of the above exception, another exception occurred:

Traceback (most recent call last):
  File "/home/sterlicht/josmith/josmithModules/urlMatcher.py", line 74, in callMatching
    return bestUrlPattern [1] (environ, tuple (bestMatch), *(fixedArgs + args), **kwargs)	# May raise exception
  File "/home/sterlicht/josmith/josmithModules/basePages.py", line 41, in __init__
    self.check ()
  File "/home/sterlicht/josmith/josmithModules/basePages.py", line 79, in check
    self.get () if ok else self.getRedirectToLogin ()
  File "/home/sterlicht/josmith/josmithModules/basePages.py", line 180, in get
    raise notFoundException
Exception: Static file or dir not found: /home/sterlicht/qquick.org/static/structure.pyhtml




qquick.nl: 2015-02-05 10:47:53 [initialization] application restarted
qquick.nl: 2015-02-05 10:47:53 [initialization] table users already exists
qquick.nl: 2015-02-05 10:47:53 [access] ip: 66.249.67.64, browser --> www.qquick.org/
qquick.nl: 2015-02-05 12:06:16 [access] ip: 24.132.47.6, browser --> www.qquick.org/
qquick.nl: 2015-02-05 12:06:17 [access] ip: 24.132.47.6, http://www.qquick.org/ --> www.qquick.org/introduction.html
qquick.nl: 2015-02-05 12:06:17 [error] Traceback (most recent call last):
  File "/home/sterlicht/josmith/josmithModules/basePages.py", line 174, in get
    self.content = [self.content.encode ('utf-8-sig')]
AttributeError: 'list' object has no attribute 'encode'

During handling of the above exception, another exception occurred:

Traceback (most recent call last):
  File "/home/sterlicht/josmith/josmithModules/urlMatcher.py", line 74, in callMatching
    return bestUrlPattern [1] (environ, tuple (bestMatch), *(fixedArgs + args), **kwargs)	# May raise exception
  File "/home/sterlicht/josmith/josmithModules/basePages.py", line 41, in __init__
    self.check ()
  File "/home/sterlicht/josmith/josmithModules/basePages.py", line 79, in check
    self.get () if ok else self.getRedirectToLogin ()
  File "/home/sterlicht/josmith/josmithModules/basePages.py", line 180, in get
    raise notFoundException
Exception: Static file or dir not found: /home/sterlicht/qquick.org/static/structure.pyhtml

qquick.nl: 2015-02-05 12:08:55 [access] ip: 24.132.47.6, browser --> www.qquick.org/
qquick.nl: 2015-02-05 12:08:55 [error] Traceback (most recent call last):
  File "/home/sterlicht/josmith/josmithModules/basePages.py", line 170, in get
    exec (cookedContent)
  File "<string>", line 78
    self.content = '''
	
		<html>
	
			<body bgcolor="c0c0c0" link="007040" alink="ffffa0" vlink="007040">
	
				<style>
	
					<!--
	
						a:link {text-decoration:none}
	
						a:active {text-decoration:none}
	
						a:visited {text-decoration:none}
	
					-->
	
				</style>
	
				<img src="target.gif">
	
				<p>
	
				<font face = "arial">
	
				<font size="2" color="007040">
	
				<hr>
	
				<ul>
	
					<li> <a href="introduction.html" target="content">What is QualityQuick</a>
	
					<hr>
	
					<li> <a href="eden.html" target="content">Eden details & downloads</a>
	
					<li> <a href="wave.html" target="content">Wave details & downloads</a>
	
					<li> <a href="femtools.html" target="content">FemTools details & downloads</a>
	
					<li> <a href="educational.html" target="content">Educational details & downloads</a>
	
					<hr>
	
					<li> <a href="licence.html" target="content">QualityQuick licence</a>
	
					<li> <a href="support.html" target="content">Commercial support</a>
	
					<hr>
	
					$1
	
				</ul>
	
			</body>
	
		</html>
	
	'''.replace ('$1', authorizeClause))
                     
	
		      
	
			                                                                   
	
				       
	
					    
	
						                             
	
						                               
	
						                                
	
					   
	
				        
	
				                      
	
				   
	
				                     
	
				                              
	
				    
	
				    
	
					                                                                          
	
					    
	
					                                                                      
	
					                                                                      
	
					                                                                              
	
					                                                                                    
	
					    
	
					                                                                     
	
					                                                                   
	
					    
	
					  
	
				     
	
			       
	
		       
	
	                                    ^
SyntaxError: invalid syntax

During handling of the above exception, another exception occurred:

Traceback (most recent call last):
  File "/home/sterlicht/josmith/josmithModules/urlMatcher.py", line 74, in callMatching
    return bestUrlPattern [1] (environ, tuple (bestMatch), *(fixedArgs + args), **kwargs)	# May raise exception
  File "/home/sterlicht/josmith/josmithModules/basePages.py", line 41, in __init__
    self.check ()
  File "/home/sterlicht/josmith/josmithModules/basePages.py", line 79, in check
    self.get () if ok else self.getRedirectToLogin ()
  File "/home/sterlicht/josmith/josmithModules/basePages.py", line 180, in get
    raise notFoundException
Exception: Static file or dir not found: /home/sterlicht/qquick.org/static/structure.pyhtml

qquick.nl: 2015-02-05 12:08:55 [access] ip: 24.132.47.6, http://www.qquick.org/ --> www.qquick.org/introduction.html
qquick.nl: 2015-02-05 12:08:58 [access] ip: 24.132.47.6, browser --> www.qquick.org/
qquick.nl: 2015-02-05 12:08:58 [error] Traceback (most recent call last):
  File "/home/sterlicht/josmith/josmithModules/basePages.py", line 170, in get
    exec (cookedContent)
  File "<string>", line 78
    self.content = '''
	
		<html>
	
			<body bgcolor="c0c0c0" link="007040" alink="ffffa0" vlink="007040">
	
				<style>
	
					<!--
	
						a:link {text-decoration:none}
	
						a:active {text-decoration:none}
	
						a:visited {text-decoration:none}
	
					-->
	
				</style>
	
				<img src="target.gif">
	
				<p>
	
				<font face = "arial">
	
				<font size="2" color="007040">
	
				<hr>
	
				<ul>
	
					<li> <a href="introduction.html" target="content">What is QualityQuick</a>
	
					<hr>
	
					<li> <a href="eden.html" target="content">Eden details & downloads</a>
	
					<li> <a href="wave.html" target="content">Wave details & downloads</a>
	
					<li> <a href="femtools.html" target="content">FemTools details & downloads</a>
	
					<li> <a href="educational.html" target="content">Educational details & downloads</a>
	
					<hr>
	
					<li> <a href="licence.html" target="content">QualityQuick licence</a>
	
					<li> <a href="support.html" target="content">Commercial support</a>
	
					<hr>
	
					$1
	
				</ul>
	
			</body>
	
		</html>
	
	'''.replace ('$1', authorizeClause))
                     
	
		      
	
			                                                                   
	
				       
	
					    
	
						                             
	
						                               
	
						                                
	
					   
	
				        
	
				                      
	
				   
	
				                     
	
				                              
	
				    
	
				    
	
					                                                                          
	
					    
	
					                                                                      
	
					                                                                      
	
					                                                                              
	
					                                                                                    
	
					    
	
					                                                                     
	
					                                                                   
	
					    
	
					  
	
				     
	
			       
	
		       
	
	                                    ^
SyntaxError: invalid syntax

During handling of the above exception, another exception occurred:

Traceback (most recent call last):
  File "/home/sterlicht/josmith/josmithModules/urlMatcher.py", line 74, in callMatching
    return bestUrlPattern [1] (environ, tuple (bestMatch), *(fixedArgs + args), **kwargs)	# May raise exception
  File "/home/sterlicht/josmith/josmithModules/basePages.py", line 41, in __init__
    self.check ()
  File "/home/sterlicht/josmith/josmithModules/basePages.py", line 79, in check
    self.get () if ok else self.getRedirectToLogin ()
  File "/home/sterlicht/josmith/josmithModules/basePages.py", line 180, in get
    raise notFoundException
Exception: Static file or dir not found: /home/sterlicht/qquick.org/static/structure.pyhtml

qquick.nl: 2015-02-05 12:08:58 [access] ip: 24.132.47.6, http://www.qquick.org/ --> www.qquick.org/introduction.html



qquick.nl: 2015-02-05 12:09:36 [initialization] application restarted
qquick.nl: 2015-02-05 12:09:36 [initialization] table users already exists
qquick.nl: 2015-02-05 12:09:36 [access] ip: 24.132.47.6, browser --> www.qquick.org/
qquick.nl: 2015-02-05 12:09:36 [access] ip: 24.132.47.6, http://www.qquick.org/ --> www.qquick.org/introduction.html
qquick.nl: 2015-02-05 12:09:36 [error] Traceback (most recent call last):
  File "/home/sterlicht/josmith/josmithModules/basePages.py", line 170, in get
    exec (cookedContent)
  File "<string>", line 78
    self.content = '''
	
		<html>
	
			<body bgcolor="c0c0c0" link="007040" alink="ffffa0" vlink="007040">
	
				<style>
	
					<!--
	
						a:link {text-decoration:none}
	
						a:active {text-decoration:none}
	
						a:visited {text-decoration:none}
	
					-->
	
				</style>
	
				<img src="target.gif">
	
				<p>
	
				<font face = "arial">
	
				<font size="2" color="007040">
	
				<hr>
	
				<ul>
	
					<li> <a href="introduction.html" target="content">What is QualityQuick</a>
	
					<hr>
	
					<li> <a href="eden.html" target="content">Eden details & downloads</a>
	
					<li> <a href="wave.html" target="content">Wave details & downloads</a>
	
					<li> <a href="femtools.html" target="content">FemTools details & downloads</a>
	
					<li> <a href="educational.html" target="content">Educational details & downloads</a>
	
					<hr>
	
					<li> <a href="licence.html" target="content">QualityQuick licence</a>
	
					<li> <a href="support.html" target="content">Commercial support</a>
	
					<hr>
	
					$1
	
				</ul>
	
			</body>
	
		</html>
	
	'''.replace ('$1', authorizeClause))
                     
	
		      
	
			                                                                   
	
				       
	
					    
	
						                             
	
						                               
	
						                                
	
					   
	
				        
	
				                      
	
				   
	
				                     
	
				                              
	
				    
	
				    
	
					                                                                          
	
					    
	
					                                                                      
	
					                                                                      
	
					                                                                              
	
					                                                                                    
	
					    
	
					                                                                     
	
					                                                                   
	
					    
	
					  
	
				     
	
			       
	
		       
	
	                                    ^
SyntaxError: invalid syntax

During handling of the above exception, another exception occurred:

Traceback (most recent call last):
  File "/home/sterlicht/josmith/josmithModules/urlMatcher.py", line 74, in callMatching
    return bestUrlPattern [1] (environ, tuple (bestMatch), *(fixedArgs + args), **kwargs)	# May raise exception
  File "/home/sterlicht/josmith/josmithModules/basePages.py", line 41, in __init__
    self.check ()
  File "/home/sterlicht/josmith/josmithModules/basePages.py", line 79, in check
    self.get () if ok else self.getRedirectToLogin ()
  File "/home/sterlicht/josmith/josmithModules/basePages.py", line 180, in get
    raise notFoundException
Exception: Static file or dir not found: /home/sterlicht/qquick.org/static/structure.pyhtml

qquick.nl: 2015-02-05 12:09:37 [access] ip: 24.132.47.6, browser --> www.qquick.org/
qquick.nl: 2015-02-05 12:09:37 [error] Traceback (most recent call last):
  File "/home/sterlicht/josmith/josmithModules/basePages.py", line 170, in get
    exec (cookedContent)
  File "<string>", line 78
    self.content = '''
	
		<html>
	
			<body bgcolor="c0c0c0" link="007040" alink="ffffa0" vlink="007040">
	
				<style>
	
					<!--
	
						a:link {text-decoration:none}
	
						a:active {text-decoration:none}
	
						a:visited {text-decoration:none}
	
					-->
	
				</style>
	
				<img src="target.gif">
	
				<p>
	
				<font face = "arial">
	
				<font size="2" color="007040">
	
				<hr>
	
				<ul>
	
					<li> <a href="introduction.html" target="content">What is QualityQuick</a>
	
					<hr>
	
					<li> <a href="eden.html" target="content">Eden details & downloads</a>
	
					<li> <a href="wave.html" target="content">Wave details & downloads</a>
	
					<li> <a href="femtools.html" target="content">FemTools details & downloads</a>
	
					<li> <a href="educational.html" target="content">Educational details & downloads</a>
	
					<hr>
	
					<li> <a href="licence.html" target="content">QualityQuick licence</a>
	
					<li> <a href="support.html" target="content">Commercial support</a>
	
					<hr>
	
					$1
	
				</ul>
	
			</body>
	
		</html>
	
	'''.replace ('$1', authorizeClause))
                     
	
		      
	
			                                                                   
	
				       
	
					    
	
						                             
	
						                               
	
						                                
	
					   
	
				        
	
				                      
	
				   
	
				                     
	
				                              
	
				    
	
				    
	
					                                                                          
	
					    
	
					                                                                      
	
					                                                                      
	
					                                                                              
	
					                                                                                    
	
					    
	
					                                                                     
	
					                                                                   
	
					    
	
					  
	
				     
	
			       
	
		       
	
	                                    ^
SyntaxError: invalid syntax

During handling of the above exception, another exception occurred:

Traceback (most recent call last):
  File "/home/sterlicht/josmith/josmithModules/urlMatcher.py", line 74, in callMatching
    return bestUrlPattern [1] (environ, tuple (bestMatch), *(fixedArgs + args), **kwargs)	# May raise exception
  File "/home/sterlicht/josmith/josmithModules/basePages.py", line 41, in __init__
    self.check ()
  File "/home/sterlicht/josmith/josmithModules/basePages.py", line 79, in check
    self.get () if ok else self.getRedirectToLogin ()
  File "/home/sterlicht/josmith/josmithModules/basePages.py", line 180, in get
    raise notFoundException
Exception: Static file or dir not found: /home/sterlicht/qquick.org/static/structure.pyhtml

qquick.nl: 2015-02-05 12:09:37 [access] ip: 24.132.47.6, http://www.qquick.org/ --> www.qquick.org/introduction.html
qquick.nl: 2015-02-05 12:09:39 [access] ip: 24.132.47.6, browser --> www.qquick.org/
qquick.nl: 2015-02-05 12:09:39 [error] Traceback (most recent call last):
  File "/home/sterlicht/josmith/josmithModules/basePages.py", line 170, in get
    exec (cookedContent)
  File "<string>", line 78
    self.content = '''
	
		<html>
	
			<body bgcolor="c0c0c0" link="007040" alink="ffffa0" vlink="007040">
	
				<style>
	
					<!--
	
						a:link {text-decoration:none}
	
						a:active {text-decoration:none}
	
						a:visited {text-decoration:none}
	
					-->
	
				</style>
	
				<img src="target.gif">
	
				<p>
	
				<font face = "arial">
	
				<font size="2" color="007040">
	
				<hr>
	
				<ul>
	
					<li> <a href="introduction.html" target="content">What is QualityQuick</a>
	
					<hr>
	
					<li> <a href="eden.html" target="content">Eden details & downloads</a>
	
					<li> <a href="wave.html" target="content">Wave details & downloads</a>
	
					<li> <a href="femtools.html" target="content">FemTools details & downloads</a>
	
					<li> <a href="educational.html" target="content">Educational details & downloads</a>
	
					<hr>
	
					<li> <a href="licence.html" target="content">QualityQuick licence</a>
	
					<li> <a href="support.html" target="content">Commercial support</a>
	
					<hr>
	
					$1
	
				</ul>
	
			</body>
	
		</html>
	
	'''.replace ('$1', authorizeClause))
                     
	
		      
	
			                                                                   
	
				       
	
					    
	
						                             
	
						                               
	
						                                
	
					   
	
				        
	
				                      
	
				   
	
				                     
	
				                              
	
				    
	
				    
	
					                                                                          
	
					    
	
					                                                                      
	
					                                                                      
	
					                                                                              
	
					                                                                                    
	
					    
	
					                                                                     
	
					                                                                   
	
					    
	
					  
	
				     
	
			       
	
		       
	
	                                    ^
SyntaxError: invalid syntax

During handling of the above exception, another exception occurred:

Traceback (most recent call last):
  File "/home/sterlicht/josmith/josmithModules/urlMatcher.py", line 74, in callMatching
    return bestUrlPattern [1] (environ, tuple (bestMatch), *(fixedArgs + args), **kwargs)	# May raise exception
  File "/home/sterlicht/josmith/josmithModules/basePages.py", line 41, in __init__
    self.check ()
  File "/home/sterlicht/josmith/josmithModules/basePages.py", line 79, in check
    self.get () if ok else self.getRedirectToLogin ()
  File "/home/sterlicht/josmith/josmithModules/basePages.py", line 180, in get
    raise notFoundException
Exception: Static file or dir not found: /home/sterlicht/qquick.org/static/structure.pyhtml

qquick.nl: 2015-02-05 12:09:39 [access] ip: 24.132.47.6, http://www.qquick.org/ --> www.qquick.org/introduction.html
qquick.nl: 2015-02-05 12:09:42 [error] Traceback (most recent call last):
  File "/home/sterlicht/josmith/josmithModules/basePages.py", line 170, in get
    exec (cookedContent)
  File "<string>", line 78
    self.content = '''
	
		<html>
	
			<body bgcolor="c0c0c0" link="007040" alink="ffffa0" vlink="007040">
	
				<style>
	
					<!--
	
						a:link {text-decoration:none}
	
						a:active {text-decoration:none}
	
						a:visited {text-decoration:none}
	
					-->
	
				</style>
	
				<img src="target.gif">
	
				<p>
	
				<font face = "arial">
	
				<font size="2" color="007040">
	
				<hr>
	
				<ul>
	
					<li> <a href="introduction.html" target="content">What is QualityQuick</a>
	
					<hr>
	
					<li> <a href="eden.html" target="content">Eden details & downloads</a>
	
					<li> <a href="wave.html" target="content">Wave details & downloads</a>
	
					<li> <a href="femtools.html" target="content">FemTools details & downloads</a>
	
					<li> <a href="educational.html" target="content">Educational details & downloads</a>
	
					<hr>
	
					<li> <a href="licence.html" target="content">QualityQuick licence</a>
	
					<li> <a href="support.html" target="content">Commercial support</a>
	
					<hr>
	
					$1
	
				</ul>
	
			</body>
	
		</html>
	
	'''.replace ('$1', authorizeClause))
                     
	
		      
	
			                                                                   
	
				       
	
					    
	
						                             
	
						                               
	
						                                
	
					   
	
				        
	
				                      
	
				   
	
				                     
	
				                              
	
				    
	
				    
	
					                                                                          
	
					    
	
					                                                                      
	
					                                                                      
	
					                                                                              
	
					                                                                                    
	
					    
	
					                                                                     
	
					                                                                   
	
					    
	
					  
	
				     
	
			       
	
		       
	
	                                    ^
SyntaxError: invalid syntax

During handling of the above exception, another exception occurred:

Traceback (most recent call last):
  File "/home/sterlicht/josmith/josmithModules/urlMatcher.py", line 74, in callMatching
    return bestUrlPattern [1] (environ, tuple (bestMatch), *(fixedArgs + args), **kwargs)	# May raise exception
  File "/home/sterlicht/josmith/josmithModules/basePages.py", line 41, in __init__
    self.check ()
  File "/home/sterlicht/josmith/josmithModules/basePages.py", line 79, in check
    self.get () if ok else self.getRedirectToLogin ()
  File "/home/sterlicht/josmith/josmithModules/basePages.py", line 180, in get
    raise notFoundException
Exception: Static file or dir not found: /home/sterlicht/qquick.org/static/structure.pyhtml

qquick.nl: 2015-02-05 12:10:59 [access] ip: 24.132.47.6, browser --> www.qquick.org/
qquick.nl: 2015-02-05 12:10:59 [access] ip: 24.132.47.6, http://www.qquick.org/ --> www.qquick.org/introduction.html
qquick.nl: 2015-02-05 12:13:06 [error] Traceback (most recent call last):
  File "/home/sterlicht/josmith/josmithModules/urlMatcher.py", line 74, in callMatching
    return bestUrlPattern [1] (environ, tuple (bestMatch), *(fixedArgs + args), **kwargs)	# May raise exception
  File "/home/sterlicht/josmith/josmithModules/basePages.py", line 41, in __init__
    self.check ()
  File "/home/sterlicht/josmith/josmithModules/basePages.py", line 79, in check
    self.get () if ok else self.getRedirectToLogin ()
  File "/home/sterlicht/qquick.org/site.py", line 10, in get
    super () .get ()
  File "/home/sterlicht/josmith/josmithModules/basePages.py", line 253, in get
    raise Exception ('Combination of email address and password unknown')
Exception: Combination of email address and password unknown

qquick.nl: 2015-02-05 12:13:24 [access] ip: 24.132.47.6, http://www.qquick.org/structure --> www.qquick.org/eden.html
qquick.nl: 2015-02-05 12:13:25 [access] ip: 24.132.47.6, http://www.qquick.org/structure --> www.qquick.org/wave.html
qquick.nl: 2015-02-05 12:13:26 [access] ip: 24.132.47.6, http://www.qquick.org/structure --> www.qquick.org/femtools.html
qquick.nl: 2015-02-05 12:14:12 [access] ip: 31.3.233.120, browser --> www.qquick.org/



qquick.nl: 2015-02-05 12:21:15 [initialization] application restarted
qquick.nl: 2015-02-05 12:21:15 [initialization] table users already exists
qquick.nl: 2015-02-05 12:21:15 [access] ip: 24.132.47.6, browser --> www.qquick.org/
qquick.nl: 2015-02-05 12:21:15 [access] ip: 24.132.47.6, http://www.qquick.org/ --> www.qquick.org/introduction.html
